******************************************************************************
                  TI ARM Linker PC v5.0.4                      
******************************************************************************
>> Linked Thu Dec 12 10:54:16 2013

OUTPUT FILE NAME:   <Pattern_FreeRTOS_EvalBot.out>
ENTRY POINT SYMBOL: "_c_int00"  address: 00002cb9


MEMORY CONFIGURATION

         name            origin    length      used     unused   attr    fill
----------------------  --------  ---------  --------  --------  ----  --------
  FLASH                 00000000   00040000  0000333e  0003ccc2  R  X
  SRAM                  20000000   00018000  00002a54  000155ac  RW X


SEGMENT ALLOCATION MAP

run origin  load origin   length   init length attrs members
----------  ----------- ---------- ----------- ----- -------
00000000    00000000    00003340   00003340    r-x
  00000000    00000000    000000f0   000000f0    r-- .intvecs
  000000f0    000000f0    00002d34   00002d34    r-x .text
  00002e24    00002e24    00000472   00000472    r-- .const
  00003298    00003298    000000a8   000000a8    r-- .cinit
20000000    20000000    00002980   00000000    rw-
  20000000    20000000    00002180   00000000    rw- .bss
  20002180    20002180    00000800   00000000    rw- .stack
20002980    20002980    000000d4   000000d4    rw-
  20002980    20002980    000000d4   000000d4    rw- .data


SECTION ALLOCATION MAP

 output                                  attributes/
section   page    origin      length       input sections
--------  ----  ----------  ----------   ----------------
.intvecs   0    00000000    000000f0     
                  00000000    000000f0     startup_ccs.obj (.intvecs)

.init_array 
*          0    00000000    00000000     UNINITIALIZED

.text      0    000000f0    00002d34     
                  000000f0    000007a4     tasks.obj (.text)
                  00000894    0000071a     rtsv7M3_T_le_eabi.lib : _printfi_nf.obj (.text)
                  00000fae    00000002     --HOLE-- [fill = 0]
                  00000fb0    00000528     display96x16x1.obj (.text)
                  000014d8    000004b0     uartstdio.obj (.text)
                  00001988    000002a8     motor.obj (.text)
                  00001c30    00000284     pattern.obj (.text)
                  00001eb4    000001f4     rtsv7M3_T_le_eabi.lib : ull_div_t2.obj (.text)
                  000020a8    000001b4     heap_2.obj (.text)
                  0000225c    00000198     driverlib-cm3.lib : sysctl.obj (.text:SysCtlClockGet)
                  000023f4    00000144                       : sysctl.obj (.text:SysCtlClockSet)
                  00002538    00000132     list.obj (.text)
                  0000266a    00000002     --HOLE-- [fill = 0]
                  0000266c    000000e8     port.obj (.text)
                  00002754    000000c8     driverlib-cm3.lib : gpio.obj (.text:GPIOPadConfigSet)
                  0000281c    0000009c     rtsv7M3_T_le_eabi.lib : memcpy_t2.obj (.text)
                  000028b8    00000094                           : auto_init.obj (.text)
                  0000294c    00000080     portasm.obj (.text)
                  000029cc    00000078     rtsv7M3_T_le_eabi.lib : memset_t2.obj (.text)
                  00002a44    00000060                           : sprintf.obj (.text)
                  00002aa4    0000005e                           : copy_decompress_rle.obj (.text)
                  00002b02    00000002     --HOLE-- [fill = 0]
                  00002b04    00000058     driverlib-cm3.lib : sysctl.obj (.text:SysCtlPeripheralEnable)
                  00002b5c    0000004c     rtsv7M3_T_le_eabi.lib : atoi.obj (.text)
                  00002ba8    00000048     driverlib-cm3.lib : gpio.obj (.text:GPIOPinConfigure)
                  00002bf0    00000044     rtsv7M3_T_le_eabi.lib : cpy_tbl.obj (.text)
                  00002c34    00000042                           : u_divt2.obj (.text)
                  00002c76    00000002     --HOLE-- [fill = 0]
                  00002c78    00000040                           : exit.obj (.text)
                  00002cb8    00000034                           : boot.obj (.text)
                  00002cec    00000030                           : strncpy.obj (.text)
                  00002d1c    0000002e     driverlib-cm3.lib : gpio.obj (.text:GPIODirModeSet)
                  00002d4a    0000001a     rtsv7M3_T_le_eabi.lib : memccpy.obj (.text)
                  00002d64    00000018                           : args_main.obj (.text)
                  00002d7c    00000018                           : ll_mul_t2.obj (.text)
                  00002d94    00000014                           : _lock.obj (.text)
                  00002da8    00000014                           : strlen.obj (.text)
                  00002dbc    00000012     driverlib-cm3.lib : gpio.obj (.text:GPIOPinTypeGPIOOutput)
                  00002dce    00000012                       : gpio.obj (.text:GPIOPinTypeUART)
                  00002de0    00000012     rtsv7M3_T_le_eabi.lib : copy_zero_init.obj (.text:decompress:ZI)
                  00002df2    0000000e                           : copy_decompress_none.obj (.text:decompress:none)
                  00002e00    0000000c     startup_ccs.obj (.text)
                  00002e0c    00000006     driverlib-cm3.lib : gpio.obj (.text:GPIOPinRead)
                  00002e12    00000006                       : gpio.obj (.text:GPIOPinWrite)
                  00002e18    00000006                       : sysctl.obj (.text:SysCtlDelay)
                  00002e1e    00000006     rtsv7M3_T_le_eabi.lib : copy_decompress_rle.obj (.text:decompress:rle24)

.const     0    00002e24    00000472     
                  00002e24    000001db     display96x16x1.obj (.const:g_pucFont)
                  00002fff    00000001     --HOLE-- [fill = 0]
                  00003000    00000101     rtsv7M3_T_le_eabi.lib : ctype.obj (.const:.string:_ctypes_)
                  00003101    00000003     --HOLE-- [fill = 0]
                  00003104    00000078     driverlib-cm3.lib : gpio.obj (.const:g_pulGPIOBaseAddrs)
                  0000317c    0000006c                       : sysctl.obj (.const:g_pulXtals)
                  000031e8    00000040                       : sysctl.obj (.const)
                  00003228    0000002f     display96x16x1.obj (.const:.string:g_pucRITInit)
                  00003257    00000001     --HOLE-- [fill = 0]
                  00003258    0000001c     uartstdio.obj (.const)
                  00003274    00000012     uartstdio.obj (.const:.string)
                  00003286    00000002     --HOLE-- [fill = 0]
                  00003288    0000000c     display96x16x1.obj (.const:.string)
                  00003294    00000002     heap_2.obj (.const)

.cinit     0    00003298    000000a8     
                  00003298    00000082     (.cinit..data.load) [load image, compression = rle]
                  0000331a    00000002     --HOLE-- [fill = 0]
                  0000331c    0000000c     (__TI_handler_table)
                  00003328    00000008     (.cinit..bss.load) [load image, compression = zero_init]
                  00003330    00000010     (__TI_cinit_table)

.bss       0    20000000    00002180     UNINITIALIZED
                  20000000    00002000     heap_2.obj (.bss:xHeap)
                  20002000    00000100     startup_ccs.obj (.bss:pulStack)
                  20002100    00000044     tasks.obj (.bss)
                  20002144    00000028     tasks.obj (.bss:pxReadyTasksLists)
                  2000216c    00000010     heap_2.obj (.bss)
                  2000217c    00000004     pattern.obj (.bss)

.stack     0    20002180    00000800     UNINITIALIZED
                  20002180    00000800     --HOLE--

.data      0    20002980    000000d4     
                  20002980    00000078     pattern.obj (.data:motorSequence)
                  200029f8    00000030     tasks.obj (.data)
                  20002a28    00000008     heap_2.obj (.data)
                  20002a30    00000008     port.obj (.data)
                  20002a38    00000008     rtsv7M3_T_le_eabi.lib : _lock.obj (.data)
                  20002a40    00000008                           : exit.obj (.data)
                  20002a48    00000005     uartstdio.obj (.data)
                  20002a4d    00000003     --HOLE--
                  20002a50    00000004     rtsv7M3_T_le_eabi.lib : stkdepth_vars.obj (.data)


LINKER GENERATED COPY TABLES

__TI_cinit_table @ 00003330 records: 2, size/record: 8, table size: 16
	.data: load addr=00003298, load size=00000082 bytes, run addr=20002980, run size=000000d4 bytes, compression=rle
	.bss: load addr=00003328, load size=00000008 bytes, run addr=20000000, run size=00002180 bytes, compression=zero_init


LINKER GENERATED HANDLER TABLE

__TI_handler_table @ 0000331c records: 3, size/record: 4, table size: 12
	index: 0, handler: __TI_decompress_rle24
	index: 1, handler: __TI_decompress_none
	index: 2, handler: __TI_zero_init


GLOBAL SYMBOLS: SORTED ALPHABETICALLY BY Name 

address    name
--------   ----
00002c79   C$$EXIT
00001101   Display96x16x1Clear
000010c3   Display96x16x1ClearLine
00001473   Display96x16x1DisplayOff
00001421   Display96x16x1DisplayOn
00001269   Display96x16x1ImageDraw
00001305   Display96x16x1Init
000011f9   Display96x16x1StringDraw
0000120f   Display96x16x1StringDrawCentered
00001111   Display96x16x1StringDrawLen
00002d1d   GPIODirModeSet
00002755   GPIOPadConfigSet
00002ba9   GPIOPinConfigure
00002e0d   GPIOPinRead
00002dbd   GPIOPinTypeGPIOOutput
00002dcf   GPIOPinTypeUART
00002e13   GPIOPinWrite
00001add   MotorDir
00001b39   MotorRun
00001ba1   MotorSpeed
00001b5b   MotorStop
00001989   MotorsInit
00001d0d   Move_Motor
00002e01   ResetISR
UNDEFED    SHT$$INIT_ARRAY$$Base
UNDEFED    SHT$$INIT_ARRAY$$Limit
0000225d   SysCtlClockGet
000023f5   SysCtlClockSet
00002e19   SysCtlDelay
00002b05   SysCtlPeripheralEnable
00001c31   Task_BlinkLED
00001ca1   Task_Display
00001ce7   Task_PrintData_Init
000014d9   UARTStdioConfig
00001531   UARTStdioInit
0000154b   UARTStdioInitExpClk
00001673   UARTgetc
000015b3   UARTgets
000016a5   UARTprintf
00001565   UARTwrite
20002980   __STACK_END
00000800   __STACK_SIZE
20002380   __STACK_TOP
00003330   __TI_CINIT_Base
00003340   __TI_CINIT_Limit
0000331c   __TI_Handler_Table_Base
00003328   __TI_Handler_Table_Limit
00000001   __TI_args_main
000028b9   __TI_auto_init
00002df3   __TI_decompress_none
00002e1f   __TI_decompress_rle24
00000000   __TI_static_base__
00002de1   __TI_zero_init
00002d7d   __aeabi_lmul
000029cd   __aeabi_memclr
000029cd   __aeabi_memclr4
000029cd   __aeabi_memclr8
0000281d   __aeabi_memcpy
0000281d   __aeabi_memcpy4
0000281d   __aeabi_memcpy8
000029cf   __aeabi_memset
000029cf   __aeabi_memset4
000029cf   __aeabi_memset8
00002c35   __aeabi_uidivmod
00001eb5   __aeabi_uldivmod
ffffffff   __binit__
ffffffff   __c_args__
20002180   __stack
00002d65   _args_main
00002cb9   _c_int00
20002a40   _cleanup_ptr
00003000   _ctypes_
20002a44   _dtors_ptr
20002a38   _lock
00002da3   _nop
00000ca9   _printfi_nofloat
00002d9b   _register_lock
00002d95   _register_unlock
20002a3c   _unlock
00002c7d   abort
00002b5d   atoi
ffffffff   binit
00002bf1   copy_in
00002c85   exit
00000000   g_pfnVectors
2000217c   g_ulSystemClock
00001dc9   main
20002a50   main_func_sp
00002d4b   memccpy
0000281d   memcpy
000029d5   memset
20002980   motorSequence
000020a9   pvPortMalloc
200029f8   pxCurrentTCB
0000266d   pxPortInitialiseStack
00002a45   sprintf
00002da9   strlen
00002ced   strncpy
00002989   ulPortSetInterruptMask
00002623   uxListRemove
00000439   uxTaskGetNumberOfTasks
00002539   vListInitialise
00002569   vListInitialiseItem
000025bd   vListInsert
00002579   vListInsertEnd
00002997   vPortClearInterruptMask
000026dd   vPortEndScheduler
000026e9   vPortEnterCritical
000026f9   vPortExitCritical
000021d1   vPortFree
0000223b   vPortInitialiseBlocks
0000299d   vPortSVCHandler
0000272b   vPortSetupTimerInterrupt
000029bb   vPortStartFirstTask
000026df   vPortYieldFromISR
00000291   vTaskDelay
0000020b   vTaskDelayUntil
00000311   vTaskEndScheduler
00000451   vTaskIncrementTick
00000705   vTaskMissedYield
000005c5   vTaskPlaceOnEventList
00000675   vTaskSetTimeOutState
000002cb   vTaskStartScheduler
00000323   vTaskSuspendAll
0000054d   vTaskSwitchContext
00002235   xPortGetFreeHeapSize
0000294d   xPortPendSVHandler
000026b5   xPortStartScheduler
20002a34   xPortSysTickCount
00002711   xPortSysTickHandler
000006a1   xTaskCheckForTimeOut
000000f1   xTaskGenericCreate
0000040d   xTaskGetTickCount
00000421   xTaskGetTickCountFromISR
000005fd   xTaskRemoveFromEventList
0000033d   xTaskResumeAll


GLOBAL SYMBOLS: SORTED BY Symbol Address 

address    name
--------   ----
00000000   __TI_static_base__
00000000   g_pfnVectors
00000001   __TI_args_main
000000f1   xTaskGenericCreate
0000020b   vTaskDelayUntil
00000291   vTaskDelay
000002cb   vTaskStartScheduler
00000311   vTaskEndScheduler
00000323   vTaskSuspendAll
0000033d   xTaskResumeAll
0000040d   xTaskGetTickCount
00000421   xTaskGetTickCountFromISR
00000439   uxTaskGetNumberOfTasks
00000451   vTaskIncrementTick
0000054d   vTaskSwitchContext
000005c5   vTaskPlaceOnEventList
000005fd   xTaskRemoveFromEventList
00000675   vTaskSetTimeOutState
000006a1   xTaskCheckForTimeOut
00000705   vTaskMissedYield
00000800   __STACK_SIZE
00000ca9   _printfi_nofloat
000010c3   Display96x16x1ClearLine
00001101   Display96x16x1Clear
00001111   Display96x16x1StringDrawLen
000011f9   Display96x16x1StringDraw
0000120f   Display96x16x1StringDrawCentered
00001269   Display96x16x1ImageDraw
00001305   Display96x16x1Init
00001421   Display96x16x1DisplayOn
00001473   Display96x16x1DisplayOff
000014d9   UARTStdioConfig
00001531   UARTStdioInit
0000154b   UARTStdioInitExpClk
00001565   UARTwrite
000015b3   UARTgets
00001673   UARTgetc
000016a5   UARTprintf
00001989   MotorsInit
00001add   MotorDir
00001b39   MotorRun
00001b5b   MotorStop
00001ba1   MotorSpeed
00001c31   Task_BlinkLED
00001ca1   Task_Display
00001ce7   Task_PrintData_Init
00001d0d   Move_Motor
00001dc9   main
00001eb5   __aeabi_uldivmod
000020a9   pvPortMalloc
000021d1   vPortFree
00002235   xPortGetFreeHeapSize
0000223b   vPortInitialiseBlocks
0000225d   SysCtlClockGet
000023f5   SysCtlClockSet
00002539   vListInitialise
00002569   vListInitialiseItem
00002579   vListInsertEnd
000025bd   vListInsert
00002623   uxListRemove
0000266d   pxPortInitialiseStack
000026b5   xPortStartScheduler
000026dd   vPortEndScheduler
000026df   vPortYieldFromISR
000026e9   vPortEnterCritical
000026f9   vPortExitCritical
00002711   xPortSysTickHandler
0000272b   vPortSetupTimerInterrupt
00002755   GPIOPadConfigSet
0000281d   __aeabi_memcpy
0000281d   __aeabi_memcpy4
0000281d   __aeabi_memcpy8
0000281d   memcpy
000028b9   __TI_auto_init
0000294d   xPortPendSVHandler
00002989   ulPortSetInterruptMask
00002997   vPortClearInterruptMask
0000299d   vPortSVCHandler
000029bb   vPortStartFirstTask
000029cd   __aeabi_memclr
000029cd   __aeabi_memclr4
000029cd   __aeabi_memclr8
000029cf   __aeabi_memset
000029cf   __aeabi_memset4
000029cf   __aeabi_memset8
000029d5   memset
00002a45   sprintf
00002b05   SysCtlPeripheralEnable
00002b5d   atoi
00002ba9   GPIOPinConfigure
00002bf1   copy_in
00002c35   __aeabi_uidivmod
00002c79   C$$EXIT
00002c7d   abort
00002c85   exit
00002cb9   _c_int00
00002ced   strncpy
00002d1d   GPIODirModeSet
00002d4b   memccpy
00002d65   _args_main
00002d7d   __aeabi_lmul
00002d95   _register_unlock
00002d9b   _register_lock
00002da3   _nop
00002da9   strlen
00002dbd   GPIOPinTypeGPIOOutput
00002dcf   GPIOPinTypeUART
00002de1   __TI_zero_init
00002df3   __TI_decompress_none
00002e01   ResetISR
00002e0d   GPIOPinRead
00002e13   GPIOPinWrite
00002e19   SysCtlDelay
00002e1f   __TI_decompress_rle24
00003000   _ctypes_
0000331c   __TI_Handler_Table_Base
00003328   __TI_Handler_Table_Limit
00003330   __TI_CINIT_Base
00003340   __TI_CINIT_Limit
2000217c   g_ulSystemClock
20002180   __stack
20002380   __STACK_TOP
20002980   __STACK_END
20002980   motorSequence
200029f8   pxCurrentTCB
20002a34   xPortSysTickCount
20002a38   _lock
20002a3c   _unlock
20002a40   _cleanup_ptr
20002a44   _dtors_ptr
20002a50   main_func_sp
ffffffff   __binit__
ffffffff   __c_args__
ffffffff   binit
UNDEFED    SHT$$INIT_ARRAY$$Base
UNDEFED    SHT$$INIT_ARRAY$$Limit

[136 symbols]
