******************************************************************************
                  TI ARM Linker PC v5.0.4                      
******************************************************************************
>> Linked Fri Jul 19 18:04:58 2013

OUTPUT FILE NAME:   <FreeRTOS_LM3S1968.out>
ENTRY POINT SYMBOL: "_c_int00"  address: 00002985


MEMORY CONFIGURATION

         name            origin    length      used     unused   attr    fill
----------------------  --------  ---------  --------  --------  ----  --------
  FLASH                 00000000   00040000  00002fe8  0003d018  R  X
  SRAM                  20000000   00010000  000029e8  0000d618  RW X


SEGMENT ALLOCATION MAP

run origin  load origin   length   init length attrs members
----------  ----------- ---------- ----------- ----- -------
00000000    00000000    00002ff0   00002ff0    r-x
  00000000    00000000    000000f0   000000f0    r-- .intvecs
  000000f0    000000f0    00002a92   00002a92    r-x .text
  00002b84    00002b84    0000041e   0000041e    r-- .const
  00002fa8    00002fa8    00000048   00000048    r-- .cinit
20000000    20000000    0000298c   00000000    rw-
  20000000    20000000    0000218c   00000000    rw- .bss
  2000218c    2000218c    00000800   00000000    rw- .stack
2000298c    2000298c    0000005c   0000005c    rw-
  2000298c    2000298c    0000005c   0000005c    rw- .data


SECTION ALLOCATION MAP

 output                                  attributes/
section   page    origin      length       input sections
--------  ----  ----------  ----------   ----------------
.intvecs   0    00000000    000000f0     
                  00000000    000000f0     startup_ccs.obj (.intvecs)

.text      0    000000f0    00002a92     
                  000000f0    000007a4     tasks.obj (.text)
                  00000894    0000071a     rtsv7M3_T_le_eabi.lib : _printfi_nf.obj (.text)
                  00000fae    00000002     --HOLE-- [fill = 0]
                  00000fb0    00000510     rit128x96x4.obj (.text)
                  000014c0    00000458     uartstdio.obj (.text)
                  00001918    000001f4     rtsv7M3_T_le_eabi.lib : ull_div_t2.obj (.text)
                  00001b0c    000001d8     driverlib-cm3.lib : sysctl.obj (.text:SysCtlClockGet)
                  00001ce4    000001b4     heap_2.obj (.text)
                  00001e98    00000174     main.obj (.text)
                  0000200c    00000144     driverlib-cm3.lib : sysctl.obj (.text:SysCtlClockSet)
                  00002150    00000132     list.obj (.text)
                  00002282    00000002     --HOLE-- [fill = 0]
                  00002284    000000e8     port.obj (.text)
                  0000236c    000000c8     driverlib-cm3.lib : gpio.obj (.text:GPIOPadConfigSet)
                  00002434    0000009c     rtsv7M3_T_le_eabi.lib : memcpy_t2.obj (.text)
                  000024d0    00000094                           : auto_init.obj (.text)
                  00002564    00000080     portasm.obj (.text)
                  000025e4    00000078     driverlib-cm3.lib : sysctl.obj (.text:SysCtlPeripheralPresent)
                  0000265c    00000078     rtsv7M3_T_le_eabi.lib : memset_t2.obj (.text)
                  000026d4    00000060                           : sprintf.obj (.text)
                  00002734    0000005e                           : copy_decompress_rle.obj (.text)
                  00002792    00000002     --HOLE-- [fill = 0]
                  00002794    00000058     driverlib-cm3.lib : sysctl.obj (.text:SysCtlPeripheralEnable)
                  000027ec    0000004c     rtsv7M3_T_le_eabi.lib : atoi.obj (.text)
                  00002838    00000044     driverlib-cm3.lib : ssi.obj (.text:SSIConfigSetExpClk)
                  0000287c    00000044     rtsv7M3_T_le_eabi.lib : cpy_tbl.obj (.text)
                  000028c0    00000042     driverlib-cm3.lib : uart.obj (.text:UARTConfigSetExpClk)
                  00002902    00000042     rtsv7M3_T_le_eabi.lib : u_divt2.obj (.text)
                  00002944    00000040                           : exit.obj (.text)
                  00002984    00000034                           : boot.obj (.text)
                  000029b8    00000030                           : strncpy.obj (.text)
                  000029e8    0000002e     driverlib-cm3.lib : gpio.obj (.text:GPIODirModeSet)
                  00002a16    00000002     --HOLE-- [fill = 0]
                  00002a18    0000001c                       : uart.obj (.text:UARTDisable)
                  00002a34    0000001a     rtsv7M3_T_le_eabi.lib : memccpy.obj (.text)
                  00002a4e    00000002     --HOLE-- [fill = 0]
                  00002a50    00000018                           : args_main.obj (.text)
                  00002a68    00000018                           : ll_mul_t2.obj (.text)
                  00002a80    00000014     driverlib-cm3.lib : uart.obj (.text:UARTEnable)
                  00002a94    00000014     rtsv7M3_T_le_eabi.lib : _lock.obj (.text)
                  00002aa8    00000014                           : strlen.obj (.text)
                  00002abc    00000012     driverlib-cm3.lib : gpio.obj (.text:GPIOPinTypeGPIOOutput)
                  00002ace    00000012                       : gpio.obj (.text:GPIOPinTypeSSI)
                  00002ae0    00000012                       : gpio.obj (.text:GPIOPinTypeUART)
                  00002af2    00000012                       : ssi.obj (.text:SSIDataGetNonBlocking)
                  00002b04    00000012     rtsv7M3_T_le_eabi.lib : copy_zero_init.obj (.text:decompress:ZI)
                  00002b16    0000000e                           : copy_decompress_none.obj (.text:decompress:none)
                  00002b24    0000000c     startup_ccs.obj (.text)
                  00002b30    0000000a     driverlib-cm3.lib : ssi.obj (.text:SSIDataPut)
                  00002b3a    0000000a                       : ssi.obj (.text:SSIDisable)
                  00002b44    0000000a                       : ssi.obj (.text:SSIEnable)
                  00002b4e    0000000a                       : uart.obj (.text:UARTCharGet)
                  00002b58    0000000a                       : uart.obj (.text:UARTCharPut)
                  00002b62    00000008                       : ssi.obj (.text:SSIBusy)
                  00002b6a    00000006                       : gpio.obj (.text:GPIOPinRead)
                  00002b70    00000006                       : gpio.obj (.text:GPIOPinWrite)
                  00002b76    00000006                       : sysctl.obj (.text:SysCtlDelay)
                  00002b7c    00000006     rtsv7M3_T_le_eabi.lib : copy_decompress_rle.obj (.text:decompress:rle24)

.const     0    00002b84    0000041e     
                  00002b84    000001e0     rit128x96x4.obj (.const:g_pucFont)
                  00002d64    00000101     rtsv7M3_T_le_eabi.lib : ctype.obj (.const:.string:_ctypes_)
                  00002e65    00000003     --HOLE-- [fill = 0]
                  00002e68    0000006c     driverlib-cm3.lib : sysctl.obj (.const:g_pulXtals)
                  00002ed4    0000004f     rit128x96x4.obj (.const:.string:g_pucRIT128x96x4Init)
                  00002f23    00000001     --HOLE-- [fill = 0]
                  00002f24    00000040     driverlib-cm3.lib : sysctl.obj (.const)
                  00002f64    0000001c     uartstdio.obj (.const)
                  00002f80    00000012     uartstdio.obj (.const:.string)
                  00002f92    00000002     --HOLE-- [fill = 0]
                  00002f94    0000000c     rit128x96x4.obj (.const:.string)
                  00002fa0    00000002     heap_2.obj (.const)

.cinit     0    00002fa8    00000048     
                  00002fa8    00000020     (.cinit..data.load) [load image, compression = rle]
                  00002fc8    0000000c     (__TI_handler_table)
                  00002fd4    00000004     --HOLE-- [fill = 0]
                  00002fd8    00000008     (.cinit..bss.load) [load image, compression = zero_init]
                  00002fe0    00000010     (__TI_cinit_table)

.bss       0    20000000    0000218c     UNINITIALIZED
                  20000000    00002000     heap_2.obj (.bss:xHeap)
                  20002000    00000100     startup_ccs.obj (.bss:pulStack)
                  20002100    00000044     tasks.obj (.bss)
                  20002144    00000028     tasks.obj (.bss:pxReadyTasksLists)
                  2000216c    00000010     heap_2.obj (.bss)
                  2000217c    0000000c     rit128x96x4.obj (.bss)
                  20002188    00000004     main.obj (.bss)

.stack     0    2000218c    00000800     UNINITIALIZED
                  2000218c    00000800     --HOLE--

.data      0    2000298c    0000005c     
                  2000298c    00000030     tasks.obj (.data)
                  200029bc    00000008     heap_2.obj (.data)
                  200029c4    00000008     port.obj (.data)
                  200029cc    00000008     rtsv7M3_T_le_eabi.lib : _lock.obj (.data)
                  200029d4    00000008                           : exit.obj (.data)
                  200029dc    00000005     uartstdio.obj (.data)
                  200029e1    00000003     --HOLE--
                  200029e4    00000004     rtsv7M3_T_le_eabi.lib : stkdepth_vars.obj (.data)


LINKER GENERATED COPY TABLES

__TI_cinit_table @ 00002fe0 records: 2, size/record: 8, table size: 16
	.data: load addr=00002fa8, load size=00000020 bytes, run addr=2000298c, run size=0000005c bytes, compression=rle
	.bss: load addr=00002fd8, load size=00000008 bytes, run addr=20000000, run size=0000218c bytes, compression=zero_init


LINKER GENERATED HANDLER TABLE

__TI_handler_table @ 00002fc8 records: 3, size/record: 4, table size: 12
	index: 0, handler: __TI_decompress_rle24
	index: 1, handler: __TI_decompress_none
	index: 2, handler: __TI_zero_init


GLOBAL SYMBOLS: SORTED ALPHABETICALLY BY Name 

address    name
--------   ----
00002945   C$$EXIT
000029e9   GPIODirModeSet
0000236d   GPIOPadConfigSet
00002b6b   GPIOPinRead
00002abd   GPIOPinTypeGPIOOutput
00002acf   GPIOPinTypeSSI
00002ae1   GPIOPinTypeUART
00002b71   GPIOPinWrite
000010b9   RIT128x96x4Clear
0000134b   RIT128x96x4Disable
0000148d   RIT128x96x4DisplayOff
00001459   RIT128x96x4DisplayOn
000012f1   RIT128x96x4Enable
00001255   RIT128x96x4ImageDraw
000013b9   RIT128x96x4Init
00001125   RIT128x96x4StringDraw
00002b25   ResetISR
UNDEFED    SHT$$INIT_ARRAY$$Base
UNDEFED    SHT$$INIT_ARRAY$$Limit
00002b63   SSIBusy
00002839   SSIConfigSetExpClk
00002af3   SSIDataGetNonBlocking
00002b31   SSIDataPut
00002b3b   SSIDisable
00002b45   SSIEnable
00001b0d   SysCtlClockGet
0000200d   SysCtlClockSet
00002b77   SysCtlDelay
00002795   SysCtlPeripheralEnable
000025e5   SysCtlPeripheralPresent
00001e99   Task_BlinkLED
00001ee1   Task_Display
00001f2b   Task_PrintData_Init
00002b4f   UARTCharGet
00002b59   UARTCharPut
000028c1   UARTConfigSetExpClk
00002a19   UARTDisable
00002a81   UARTEnable
000014c1   UARTStdioInit
000014d1   UARTStdioInitExpClk
00001617   UARTgetc
0000155f   UARTgets
0000163d   UARTprintf
00001519   UARTwrite
2000298c   __STACK_END
00000800   __STACK_SIZE
2000228c   __STACK_TOP
00002fe0   __TI_CINIT_Base
00002ff0   __TI_CINIT_Limit
00002fc8   __TI_Handler_Table_Base
00002fd4   __TI_Handler_Table_Limit
00000001   __TI_args_main
000024d1   __TI_auto_init
00002b17   __TI_decompress_none
00002b7d   __TI_decompress_rle24
00000000   __TI_static_base__
00002b05   __TI_zero_init
00002a69   __aeabi_lmul
0000265d   __aeabi_memclr
0000265d   __aeabi_memclr4
0000265d   __aeabi_memclr8
00002435   __aeabi_memcpy
00002435   __aeabi_memcpy4
00002435   __aeabi_memcpy8
0000265f   __aeabi_memset
0000265f   __aeabi_memset4
0000265f   __aeabi_memset8
00002903   __aeabi_uidivmod
00001919   __aeabi_uldivmod
ffffffff   __binit__
ffffffff   __c_args__
2000218c   __stack
00002a51   _args_main
00002985   _c_int00
200029d4   _cleanup_ptr
00002d64   _ctypes_
200029d8   _dtors_ptr
200029cc   _lock
00002aa3   _nop
00000ca9   _printfi_nofloat
00002a9b   _register_lock
00002a95   _register_unlock
200029d0   _unlock
00002949   abort
000027ed   atoi
ffffffff   binit
0000287d   copy_in
00002951   exit
00000000   g_pfnVectors
20002188   g_ulSystemClock
00001f51   main
200029e4   main_func_sp
00002a35   memccpy
00002435   memcpy
00002665   memset
00001ce5   pvPortMalloc
2000298c   pxCurrentTCB
00002285   pxPortInitialiseStack
000026d5   sprintf
00002aa9   strlen
000029b9   strncpy
000025a1   ulPortSetInterruptMask
0000223b   uxListRemove
00000439   uxTaskGetNumberOfTasks
00002151   vListInitialise
00002181   vListInitialiseItem
000021d5   vListInsert
00002191   vListInsertEnd
000025af   vPortClearInterruptMask
000022f5   vPortEndScheduler
00002301   vPortEnterCritical
00002311   vPortExitCritical
00001e0d   vPortFree
00001e77   vPortInitialiseBlocks
000025b5   vPortSVCHandler
00002343   vPortSetupTimerInterrupt
000025d3   vPortStartFirstTask
000022f7   vPortYieldFromISR
00000291   vTaskDelay
0000020b   vTaskDelayUntil
00000311   vTaskEndScheduler
00000451   vTaskIncrementTick
00000705   vTaskMissedYield
000005c5   vTaskPlaceOnEventList
00000675   vTaskSetTimeOutState
000002cb   vTaskStartScheduler
00000323   vTaskSuspendAll
0000054d   vTaskSwitchContext
00001e71   xPortGetFreeHeapSize
00002565   xPortPendSVHandler
000022cd   xPortStartScheduler
200029c8   xPortSysTickCount
00002329   xPortSysTickHandler
000006a1   xTaskCheckForTimeOut
000000f1   xTaskGenericCreate
0000040d   xTaskGetTickCount
00000421   xTaskGetTickCountFromISR
000005fd   xTaskRemoveFromEventList
0000033d   xTaskResumeAll


GLOBAL SYMBOLS: SORTED BY Symbol Address 

address    name
--------   ----
00000000   __TI_static_base__
00000000   g_pfnVectors
00000001   __TI_args_main
000000f1   xTaskGenericCreate
0000020b   vTaskDelayUntil
00000291   vTaskDelay
000002cb   vTaskStartScheduler
00000311   vTaskEndScheduler
00000323   vTaskSuspendAll
0000033d   xTaskResumeAll
0000040d   xTaskGetTickCount
00000421   xTaskGetTickCountFromISR
00000439   uxTaskGetNumberOfTasks
00000451   vTaskIncrementTick
0000054d   vTaskSwitchContext
000005c5   vTaskPlaceOnEventList
000005fd   xTaskRemoveFromEventList
00000675   vTaskSetTimeOutState
000006a1   xTaskCheckForTimeOut
00000705   vTaskMissedYield
00000800   __STACK_SIZE
00000ca9   _printfi_nofloat
000010b9   RIT128x96x4Clear
00001125   RIT128x96x4StringDraw
00001255   RIT128x96x4ImageDraw
000012f1   RIT128x96x4Enable
0000134b   RIT128x96x4Disable
000013b9   RIT128x96x4Init
00001459   RIT128x96x4DisplayOn
0000148d   RIT128x96x4DisplayOff
000014c1   UARTStdioInit
000014d1   UARTStdioInitExpClk
00001519   UARTwrite
0000155f   UARTgets
00001617   UARTgetc
0000163d   UARTprintf
00001919   __aeabi_uldivmod
00001b0d   SysCtlClockGet
00001ce5   pvPortMalloc
00001e0d   vPortFree
00001e71   xPortGetFreeHeapSize
00001e77   vPortInitialiseBlocks
00001e99   Task_BlinkLED
00001ee1   Task_Display
00001f2b   Task_PrintData_Init
00001f51   main
0000200d   SysCtlClockSet
00002151   vListInitialise
00002181   vListInitialiseItem
00002191   vListInsertEnd
000021d5   vListInsert
0000223b   uxListRemove
00002285   pxPortInitialiseStack
000022cd   xPortStartScheduler
000022f5   vPortEndScheduler
000022f7   vPortYieldFromISR
00002301   vPortEnterCritical
00002311   vPortExitCritical
00002329   xPortSysTickHandler
00002343   vPortSetupTimerInterrupt
0000236d   GPIOPadConfigSet
00002435   __aeabi_memcpy
00002435   __aeabi_memcpy4
00002435   __aeabi_memcpy8
00002435   memcpy
000024d1   __TI_auto_init
00002565   xPortPendSVHandler
000025a1   ulPortSetInterruptMask
000025af   vPortClearInterruptMask
000025b5   vPortSVCHandler
000025d3   vPortStartFirstTask
000025e5   SysCtlPeripheralPresent
0000265d   __aeabi_memclr
0000265d   __aeabi_memclr4
0000265d   __aeabi_memclr8
0000265f   __aeabi_memset
0000265f   __aeabi_memset4
0000265f   __aeabi_memset8
00002665   memset
000026d5   sprintf
00002795   SysCtlPeripheralEnable
000027ed   atoi
00002839   SSIConfigSetExpClk
0000287d   copy_in
000028c1   UARTConfigSetExpClk
00002903   __aeabi_uidivmod
00002945   C$$EXIT
00002949   abort
00002951   exit
00002985   _c_int00
000029b9   strncpy
000029e9   GPIODirModeSet
00002a19   UARTDisable
00002a35   memccpy
00002a51   _args_main
00002a69   __aeabi_lmul
00002a81   UARTEnable
00002a95   _register_unlock
00002a9b   _register_lock
00002aa3   _nop
00002aa9   strlen
00002abd   GPIOPinTypeGPIOOutput
00002acf   GPIOPinTypeSSI
00002ae1   GPIOPinTypeUART
00002af3   SSIDataGetNonBlocking
00002b05   __TI_zero_init
00002b17   __TI_decompress_none
00002b25   ResetISR
00002b31   SSIDataPut
00002b3b   SSIDisable
00002b45   SSIEnable
00002b4f   UARTCharGet
00002b59   UARTCharPut
00002b63   SSIBusy
00002b6b   GPIOPinRead
00002b71   GPIOPinWrite
00002b77   SysCtlDelay
00002b7d   __TI_decompress_rle24
00002d64   _ctypes_
00002fc8   __TI_Handler_Table_Base
00002fd4   __TI_Handler_Table_Limit
00002fe0   __TI_CINIT_Base
00002ff0   __TI_CINIT_Limit
20002188   g_ulSystemClock
2000218c   __stack
2000228c   __STACK_TOP
2000298c   __STACK_END
2000298c   pxCurrentTCB
200029c8   xPortSysTickCount
200029cc   _lock
200029d0   _unlock
200029d4   _cleanup_ptr
200029d8   _dtors_ptr
200029e4   main_func_sp
ffffffff   __binit__
ffffffff   __c_args__
ffffffff   binit
UNDEFED    SHT$$INIT_ARRAY$$Base
UNDEFED    SHT$$INIT_ARRAY$$Limit

[139 symbols]
