******************************************************************************
                  TI ARM Linker PC v5.0.4                      
******************************************************************************
>> Linked Tue Oct 22 09:04:54 2013

OUTPUT FILE NAME:   <Task_Blinky.out>
ENTRY POINT SYMBOL: "_c_int00"  address: 000017a5


MEMORY CONFIGURATION

         name            origin    length      used     unused   attr    fill
----------------------  --------  ---------  --------  --------  ----  --------
  FLASH                 00000000   00040000  00001e12  0003e1ee  R  X
  SRAM                  20000000   00010000  00000854  0000f7ac  RW X


SEGMENT ALLOCATION MAP

run origin  load origin   length   init length attrs members
----------  ----------- ---------- ----------- ----- -------
00000000    00000000    00001e18   00001e18    r-x
  00000000    00000000    000000f0   000000f0    r-- .intvecs
  000000f0    000000f0    000018e4   000018e4    r-x .text
  000019d4    000019d4    000003f6   000003f6    r-- .const
  00001dd0    00001dd0    00000048   00000048    r-- .cinit
20000000    20000000    00000800   00000000    rw-
  20000000    20000000    00000800   00000000    rw- .stack
20000800    20000800    00000054   00000044    rw-
  20000800    20000800    00000044   00000044    rw- .data
  20000844    20000844    00000010   00000000    rw- .bss


SECTION ALLOCATION MAP

 output                                  attributes/
section   page    origin      length       input sections
--------  ----  ----------  ----------   ----------------
.intvecs   0    00000000    000000f0     
                  00000000    000000f0     New_Blinky_startup_ccs.obj (.intvecs)

.init_array 
*          0    00000000    00000000     UNINITIALIZED

.text      0    000000f0    000018e4     
                  000000f0    0000071a     rtsv7M3_T_le_eabi.lib : _printfi_nf.obj (.text)
                  0000080a    000001f4                           : ull_div_t2.obj (.text)
                  000009fe    00000002     New_Blinky_startup_ccs.obj (.text:FaultISR)
                  00000a00    000001d8     driverlib-cm3.lib : sysctl.obj (.text:SysCtlClockGet)
                  00000bd8    00000144                       : sysctl.obj (.text:SysCtlClockSet)
                  00000d1c    000000d4     rit128x96x4.obj (.text:RIT128x96x4StringDraw)
                  00000df0    000000c8     driverlib-cm3.lib : gpio.obj (.text:GPIOPadConfigSet)
                  00000eb8    000000c4     Task_Blinky.obj (.text:UART_Execute)
                  00000f7c    000000a4     rit128x96x4.obj (.text:RIT128x96x4Init)
                  00001020    0000009c     rtsv7M3_T_le_eabi.lib : memcpy_t2.obj (.text)
                  000010bc    00000094                           : auto_init.obj (.text)
                  00001150    00000078                           : memset_t2.obj (.text)
                  000011c8    00000064     rit128x96x4.obj (.text:RIT128x96x4ImageDraw)
                  0000122c    00000060     rit128x96x4.obj (.text:RIT128x96x4Enable)
                  0000128c    00000060     rit128x96x4.obj (.text:RITWriteCommand)
                  000012ec    00000060     rit128x96x4.obj (.text:RITWriteData)
                  0000134c    00000060     rtsv7M3_T_le_eabi.lib : sprintf.obj (.text)
                  000013ac    0000005e                           : copy_decompress_rle.obj (.text)
                  0000140a    00000002     New_Blinky_startup_ccs.obj (.text:IntDefaultHandler)
                  0000140c    00000058     driverlib-cm3.lib : sysctl.obj (.text:SysCtlPeripheralEnable)
                  00001464    0000004c     Task_Blinky.obj (.text:Task1_Execute)
                  000014b0    0000004c     Task_Blinky.obj (.text:main)
                  000014fc    0000004c     rtsv7M3_T_le_eabi.lib : atoi.obj (.text)
                  00001548    00000048     rit128x96x4.obj (.text:RIT128x96x4Clear)
                  00001590    00000044     driverlib-cm3.lib : ssi.obj (.text:SSIConfigSetExpClk)
                  000015d4    00000044     Task_Blinky.obj (.text:Task0_Execute)
                  00001618    00000044     Task_Blinky.obj (.text:Task0_Init)
                  0000165c    00000044     Task_Blinky.obj (.text:UART_Init)
                  000016a0    00000044     rtsv7M3_T_le_eabi.lib : cpy_tbl.obj (.text)
                  000016e4    00000042     driverlib-cm3.lib : uart.obj (.text:UARTConfigSetExpClk)
                  00001726    00000002     New_Blinky_startup_ccs.obj (.text:NmiSR)
                  00001728    00000040     rtsv7M3_T_le_eabi.lib : exit.obj (.text)
                  00001768    0000003c     Task_Blinky.obj (.text:Task1_Init)
                  000017a4    00000034     rtsv7M3_T_le_eabi.lib : boot.obj (.text)
                  000017d8    0000002e     driverlib-cm3.lib : gpio.obj (.text:GPIODirModeSet)
                  00001806    00000002     --HOLE-- [fill = 0]
                  00001808    0000001c                       : uart.obj (.text:UARTDisable)
                  00001824    0000001a     rtsv7M3_T_le_eabi.lib : memccpy.obj (.text)
                  0000183e    00000002     --HOLE-- [fill = 0]
                  00001840    00000018     Task_Blinky.obj (.text:Task2_Init)
                  00001858    00000018     rtsv7M3_T_le_eabi.lib : args_main.obj (.text)
                  00001870    00000018                           : ll_mul_t2.obj (.text)
                  00001888    00000014     driverlib-cm3.lib : systick.obj (.text:SysTickEnable)
                  0000189c    00000014                       : systick.obj (.text:SysTickIntEnable)
                  000018b0    00000014                       : uart.obj (.text:UARTEnable)
                  000018c4    00000014     rtsv7M3_T_le_eabi.lib : _lock.obj (.text)
                  000018d8    00000014                           : strlen.obj (.text)
                  000018ec    00000012     driverlib-cm3.lib : gpio.obj (.text:GPIOPinTypeGPIOOutput)
                  000018fe    00000012                       : gpio.obj (.text:GPIOPinTypeSSI)
                  00001910    00000012                       : gpio.obj (.text:GPIOPinTypeUART)
                  00001922    00000012     rtsv7M3_T_le_eabi.lib : copy_zero_init.obj (.text:decompress:ZI)
                  00001934    00000010     Task_Blinky.obj (.text:SysTickIntHandler)
                  00001944    00000010     driverlib-cm3.lib : systick.obj (.text:SysTickPeriodSet)
                  00001954    0000000e     rtsv7M3_T_le_eabi.lib : copy_decompress_none.obj (.text:decompress:none)
                  00001962    00000002     --HOLE-- [fill = 0]
                  00001964    0000000c     rit128x96x4.obj (.text:RIT128x96x4DisplayOff)
                  00001970    0000000c     driverlib-cm3.lib : uart.obj (.text:UARTCharsAvail)
                  0000197c    0000000a                       : ssi.obj (.text:SSIDataPut)
                  00001986    0000000a                       : ssi.obj (.text:SSIDisable)
                  00001990    0000000a                       : ssi.obj (.text:SSIEnable)
                  0000199a    0000000a                       : uart.obj (.text:UARTCharGet)
                  000019a4    0000000a                       : uart.obj (.text:UARTCharPut)
                  000019ae    00000008                       : ssi.obj (.text:SSIBusy)
                  000019b6    00000006                       : gpio.obj (.text:GPIOPinRead)
                  000019bc    00000006                       : gpio.obj (.text:GPIOPinWrite)
                  000019c2    00000006     New_Blinky_startup_ccs.obj (.text:ResetISR)
                  000019c8    00000006     driverlib-cm3.lib : sysctl.obj (.text:SysCtlDelay)
                  000019ce    00000006     rtsv7M3_T_le_eabi.lib : copy_decompress_rle.obj (.text:decompress:rle24)

.const     0    000019d4    000003f6     
                  000019d4    000001e0     rit128x96x4.obj (.const:g_pucFont)
                  00001bb4    00000101     rtsv7M3_T_le_eabi.lib : ctype.obj (.const:.string:_ctypes_)
                  00001cb5    00000003     --HOLE-- [fill = 0]
                  00001cb8    0000006c     driverlib-cm3.lib : sysctl.obj (.const:g_pulXtals)
                  00001d24    0000004f     rit128x96x4.obj (.const:.string:g_pucRIT128x96x4Init)
                  00001d73    00000001     --HOLE-- [fill = 0]
                  00001d74    00000040     driverlib-cm3.lib : sysctl.obj (.const)
                  00001db4    0000000c     rit128x96x4.obj (.const:.string)
                  00001dc0    0000000a     Task_Blinky.obj (.const:.string)

.cinit     0    00001dd0    00000048     
                  00001dd0    00000021     (.cinit..data.load) [load image, compression = rle]
                  00001df1    00000003     --HOLE-- [fill = 0]
                  00001df4    0000000c     (__TI_handler_table)
                  00001e00    00000008     (.cinit..bss.load) [load image, compression = zero_init]
                  00001e08    00000010     (__TI_cinit_table)

.stack     0    20000000    00000800     UNINITIALIZED
                  20000000    00000800     --HOLE--

.data      0    20000800    00000044     
                  20000800    0000002d     Task_Blinky.obj (.data)
                  2000082d    00000003     --HOLE--
                  20000830    00000008     rtsv7M3_T_le_eabi.lib : _lock.obj (.data)
                  20000838    00000008                           : exit.obj (.data)
                  20000840    00000004                           : stkdepth_vars.obj (.data)

.bss       0    20000844    00000010     UNINITIALIZED
                  20000844    0000000c     rit128x96x4.obj (.bss)
                  20000850    00000004     Task_Blinky.obj (.bss)


LINKER GENERATED COPY TABLES

__TI_cinit_table @ 00001e08 records: 2, size/record: 8, table size: 16
	.data: load addr=00001dd0, load size=00000021 bytes, run addr=20000800, run size=00000044 bytes, compression=rle
	.bss: load addr=00001e00, load size=00000008 bytes, run addr=20000844, run size=00000010 bytes, compression=zero_init


LINKER GENERATED HANDLER TABLE

__TI_handler_table @ 00001df4 records: 3, size/record: 4, table size: 12
	index: 0, handler: __TI_decompress_rle24
	index: 1, handler: __TI_decompress_none
	index: 2, handler: __TI_zero_init


GLOBAL SYMBOLS: SORTED ALPHABETICALLY BY Name 

address    name
--------   ----
00001729   C$$EXIT
000017d9   GPIODirModeSet
00000df1   GPIOPadConfigSet
000019b7   GPIOPinRead
000018ed   GPIOPinTypeGPIOOutput
000018ff   GPIOPinTypeSSI
00001911   GPIOPinTypeUART
000019bd   GPIOPinWrite
00001549   RIT128x96x4Clear
00001965   RIT128x96x4DisplayOff
0000122d   RIT128x96x4Enable
000011c9   RIT128x96x4ImageDraw
00000f7d   RIT128x96x4Init
00000d1d   RIT128x96x4StringDraw
000019c3   ResetISR
UNDEFED    SHT$$INIT_ARRAY$$Base
UNDEFED    SHT$$INIT_ARRAY$$Limit
000019af   SSIBusy
00001591   SSIConfigSetExpClk
0000197d   SSIDataPut
00001987   SSIDisable
00001991   SSIEnable
00000a01   SysCtlClockGet
00000bd9   SysCtlClockSet
000019c9   SysCtlDelay
0000140d   SysCtlPeripheralEnable
00001889   SysTickEnable
0000189d   SysTickIntEnable
00001935   SysTickIntHandler
00001945   SysTickPeriodSet
000015d5   Task0_Execute
00001619   Task0_Init
00001465   Task1_Execute
00001769   Task1_Init
00001841   Task2_Init
0000199b   UARTCharGet
000019a5   UARTCharPut
00001971   UARTCharsAvail
000016e5   UARTConfigSetExpClk
00001809   UARTDisable
000018b1   UARTEnable
00000eb9   UART_Execute
0000165d   UART_Init
20000800   __STACK_END
00000800   __STACK_SIZE
20000100   __STACK_TOP
00001e08   __TI_CINIT_Base
00001e18   __TI_CINIT_Limit
00001df4   __TI_Handler_Table_Base
00001e00   __TI_Handler_Table_Limit
00000001   __TI_args_main
000010bd   __TI_auto_init
00001955   __TI_decompress_none
000019cf   __TI_decompress_rle24
00000000   __TI_static_base__
00001923   __TI_zero_init
00001871   __aeabi_lmul
00001151   __aeabi_memclr
00001151   __aeabi_memclr4
00001151   __aeabi_memclr8
00001021   __aeabi_memcpy
00001021   __aeabi_memcpy4
00001021   __aeabi_memcpy8
00001153   __aeabi_memset
00001153   __aeabi_memset4
00001153   __aeabi_memset8
0000080b   __aeabi_uldivmod
ffffffff   __binit__
ffffffff   __c_args__
20000000   __stack
00001859   _args_main
000017a5   _c_int00
20000838   _cleanup_ptr
00001bb4   _ctypes_
2000083c   _dtors_ptr
20000830   _lock
000018d3   _nop
00000505   _printfi_nofloat
000018cb   _register_lock
000018c5   _register_unlock
20000834   _unlock
0000172d   abort
000014fd   atoi
ffffffff   binit
2000081c   black_image
000016a1   copy_in
00001735   exit
00000000   g_pfnVectors
20000850   g_ulSystemClock
000014b1   main
20000840   main_func_sp
00001825   memccpy
00001021   memcpy
00001159   memset
0000134d   sprintf
000018d9   strlen


GLOBAL SYMBOLS: SORTED BY Symbol Address 

address    name
--------   ----
00000000   __TI_static_base__
00000000   g_pfnVectors
00000001   __TI_args_main
00000505   _printfi_nofloat
00000800   __STACK_SIZE
0000080b   __aeabi_uldivmod
00000a01   SysCtlClockGet
00000bd9   SysCtlClockSet
00000d1d   RIT128x96x4StringDraw
00000df1   GPIOPadConfigSet
00000eb9   UART_Execute
00000f7d   RIT128x96x4Init
00001021   __aeabi_memcpy
00001021   __aeabi_memcpy4
00001021   __aeabi_memcpy8
00001021   memcpy
000010bd   __TI_auto_init
00001151   __aeabi_memclr
00001151   __aeabi_memclr4
00001151   __aeabi_memclr8
00001153   __aeabi_memset
00001153   __aeabi_memset4
00001153   __aeabi_memset8
00001159   memset
000011c9   RIT128x96x4ImageDraw
0000122d   RIT128x96x4Enable
0000134d   sprintf
0000140d   SysCtlPeripheralEnable
00001465   Task1_Execute
000014b1   main
000014fd   atoi
00001549   RIT128x96x4Clear
00001591   SSIConfigSetExpClk
000015d5   Task0_Execute
00001619   Task0_Init
0000165d   UART_Init
000016a1   copy_in
000016e5   UARTConfigSetExpClk
00001729   C$$EXIT
0000172d   abort
00001735   exit
00001769   Task1_Init
000017a5   _c_int00
000017d9   GPIODirModeSet
00001809   UARTDisable
00001825   memccpy
00001841   Task2_Init
00001859   _args_main
00001871   __aeabi_lmul
00001889   SysTickEnable
0000189d   SysTickIntEnable
000018b1   UARTEnable
000018c5   _register_unlock
000018cb   _register_lock
000018d3   _nop
000018d9   strlen
000018ed   GPIOPinTypeGPIOOutput
000018ff   GPIOPinTypeSSI
00001911   GPIOPinTypeUART
00001923   __TI_zero_init
00001935   SysTickIntHandler
00001945   SysTickPeriodSet
00001955   __TI_decompress_none
00001965   RIT128x96x4DisplayOff
00001971   UARTCharsAvail
0000197d   SSIDataPut
00001987   SSIDisable
00001991   SSIEnable
0000199b   UARTCharGet
000019a5   UARTCharPut
000019af   SSIBusy
000019b7   GPIOPinRead
000019bd   GPIOPinWrite
000019c3   ResetISR
000019c9   SysCtlDelay
000019cf   __TI_decompress_rle24
00001bb4   _ctypes_
00001df4   __TI_Handler_Table_Base
00001e00   __TI_Handler_Table_Limit
00001e08   __TI_CINIT_Base
00001e18   __TI_CINIT_Limit
20000000   __stack
20000100   __STACK_TOP
20000800   __STACK_END
2000081c   black_image
20000830   _lock
20000834   _unlock
20000838   _cleanup_ptr
2000083c   _dtors_ptr
20000840   main_func_sp
20000850   g_ulSystemClock
ffffffff   __binit__
ffffffff   __c_args__
ffffffff   binit
UNDEFED    SHT$$INIT_ARRAY$$Base
UNDEFED    SHT$$INIT_ARRAY$$Limit

[96 symbols]
