******************************************************************************
                  TI ARM Linker PC v5.0.4                      
******************************************************************************
>> Linked Thu Oct 31 12:08:44 2013

OUTPUT FILE NAME:   <Task_Blinky.out>
ENTRY POINT SYMBOL: "_c_int00"  address: 00001cad


MEMORY CONFIGURATION

         name            origin    length      used     unused   attr    fill
----------------------  --------  ---------  --------  --------  ----  --------
  FLASH                 00000000   00040000  00002450  0003dbb0  R  X
  SRAM                  20000000   00010000  00000a28  0000f5d8  RW X


SEGMENT ALLOCATION MAP

run origin  load origin   length   init length attrs members
----------  ----------- ---------- ----------- ----- -------
00000000    00000000    00002458   00002458    r-x
  00000000    00000000    000000f0   000000f0    r-- .intvecs
  000000f0    000000f0    00001efa   00001efa    r-x .text
  00001fec    00001fec    000003f6   000003f6    r-- .const
  000023e8    000023e8    00000070   00000070    r-- .cinit
20000000    20000000    000009b0   00000000    rw-
  20000000    20000000    00000800   00000000    rw- .stack
  20000800    20000800    000001b0   00000000    rw- .bss
200009b0    200009b0    00000078   00000078    rw-
  200009b0    200009b0    00000078   00000078    rw- .data


SECTION ALLOCATION MAP

 output                                  attributes/
section   page    origin      length       input sections
--------  ----  ----------  ----------   ----------------
.intvecs   0    00000000    000000f0     
                  00000000    000000f0     New_Blinky_startup_ccs.obj (.intvecs)

.init_array 
*          0    00000000    00000000     UNINITIALIZED

.text      0    000000f0    00001efa     
                  000000f0    0000071a     rtsv7M3_T_le_eabi.lib : _printfi_nf.obj (.text)
                  0000080a    000001f4                           : ull_div_t2.obj (.text)
                  000009fe    00000002     New_Blinky_startup_ccs.obj (.text:FaultISR)
                  00000a00    000001d8     driverlib-cm3.lib : sysctl.obj (.text:SysCtlClockGet)
                  00000bd8    00000144                       : sysctl.obj (.text:SysCtlClockSet)
                  00000d1c    000000d4     rit128x96x4.obj (.text:RIT128x96x4StringDraw)
                  00000df0    000000c8     driverlib-cm3.lib : gpio.obj (.text:GPIOPadConfigSet)
                  00000eb8    000000c4     ADC.obj (.text:UART_Execute)
                  00000f7c    000000a4     rit128x96x4.obj (.text:RIT128x96x4Init)
                  00001020    000000a4     ADC.obj (.text:Sample_Execute)
                  000010c4    0000009c     rtsv7M3_T_le_eabi.lib : memcpy_t2.obj (.text)
                  00001160    00000094                           : auto_init.obj (.text)
                  000011f4    00000080     ADC.obj (.text:main)
                  00001274    00000078     ADC.obj (.text:Discharge_Execute)
                  000012ec    00000078     rtsv7M3_T_le_eabi.lib : memset_t2.obj (.text)
                  00001364    00000074     ADC.obj (.text:Send_Execute)
                  000013d8    00000070     ADC.obj (.text:Sample_Init)
                  00001448    0000006c     driverlib-cm3.lib : adc.obj (.text:ADCSequenceStepConfigure)
                  000014b4    0000006c     ADC.obj (.text:ButtonMonitor_Execute)
                  00001520    00000064     rit128x96x4.obj (.text:RIT128x96x4ImageDraw)
                  00001584    00000060     rit128x96x4.obj (.text:RIT128x96x4Enable)
                  000015e4    00000060     rit128x96x4.obj (.text:RITWriteCommand)
                  00001644    00000060     rit128x96x4.obj (.text:RITWriteData)
                  000016a4    00000060     rtsv7M3_T_le_eabi.lib : sprintf.obj (.text)
                  00001704    0000005e                           : copy_decompress_rle.obj (.text)
                  00001762    00000002     New_Blinky_startup_ccs.obj (.text:IntDefaultHandler)
                  00001764    00000058     ADC.obj (.text:ADC_Execute)
                  000017bc    00000058     ADC.obj (.text:ADC_Init)
                  00001814    00000058     driverlib-cm3.lib : sysctl.obj (.text:SysCtlPeripheralEnable)
                  0000186c    00000054     ADC.obj (.text:ADC_Screen_Print_Execute)
                  000018c0    00000054     ADC.obj (.text:Discharge_Init)
                  00001914    00000054     ADC.obj (.text:Send_Init)
                  00001968    00000050     ADC.obj (.text:ButtonMonitor_Init)
                  000019b8    0000004c     ADC.obj (.text:Task1_Execute)
                  00001a04    0000004c     rtsv7M3_T_le_eabi.lib : atoi.obj (.text)
                  00001a50    00000048     rit128x96x4.obj (.text:RIT128x96x4Clear)
                  00001a98    00000044     driverlib-cm3.lib : ssi.obj (.text:SSIConfigSetExpClk)
                  00001adc    00000044     ADC.obj (.text:Task0_Execute)
                  00001b20    00000044     ADC.obj (.text:Task0_Init)
                  00001b64    00000044     ADC.obj (.text:UART_Init)
                  00001ba8    00000044     rtsv7M3_T_le_eabi.lib : cpy_tbl.obj (.text)
                  00001bec    00000042     driverlib-cm3.lib : uart.obj (.text:UARTConfigSetExpClk)
                  00001c2e    00000002     New_Blinky_startup_ccs.obj (.text:NmiSR)
                  00001c30    00000040     rtsv7M3_T_le_eabi.lib : exit.obj (.text)
                  00001c70    0000003c     ADC.obj (.text:Task1_Init)
                  00001cac    00000034     rtsv7M3_T_le_eabi.lib : boot.obj (.text)
                  00001ce0    0000002e     driverlib-cm3.lib : adc.obj (.text:ADCIntStatus)
                  00001d0e    0000002e                       : gpio.obj (.text:GPIODirModeSet)
                  00001d3c    0000002c     ADC.obj (.text:Power_Init)
                  00001d68    0000002a     driverlib-cm3.lib : adc.obj (.text:ADCSequenceConfigure)
                  00001d92    00000002     --HOLE-- [fill = 0]
                  00001d94    00000028     ADC.obj (.text:ADC_Screen_Print_Init)
                  00001dbc    00000020     driverlib-cm3.lib : adc.obj (.text:ADCSequenceDataGet)
                  00001ddc    0000001c                       : uart.obj (.text:UARTDisable)
                  00001df8    0000001a     rtsv7M3_T_le_eabi.lib : memccpy.obj (.text)
                  00001e12    00000002     --HOLE-- [fill = 0]
                  00001e14    00000018     ADC.obj (.text:Task2_Init)
                  00001e2c    00000018     rtsv7M3_T_le_eabi.lib : args_main.obj (.text)
                  00001e44    00000018                           : ll_mul_t2.obj (.text)
                  00001e5c    00000016     driverlib-cm3.lib : adc.obj (.text:ADCProcessorTrigger)
                  00001e72    00000002     --HOLE-- [fill = 0]
                  00001e74    00000014                       : systick.obj (.text:SysTickEnable)
                  00001e88    00000014                       : systick.obj (.text:SysTickIntEnable)
                  00001e9c    00000014                       : uart.obj (.text:UARTEnable)
                  00001eb0    00000014     rtsv7M3_T_le_eabi.lib : _lock.obj (.text)
                  00001ec4    00000014                           : strlen.obj (.text)
                  00001ed8    00000012     driverlib-cm3.lib : gpio.obj (.text:GPIOPinTypeGPIOInput)
                  00001eea    00000012                       : gpio.obj (.text:GPIOPinTypeGPIOOutput)
                  00001efc    00000012                       : gpio.obj (.text:GPIOPinTypeSSI)
                  00001f0e    00000012                       : gpio.obj (.text:GPIOPinTypeUART)
                  00001f20    00000012     rtsv7M3_T_le_eabi.lib : copy_zero_init.obj (.text:decompress:ZI)
                  00001f32    00000002     --HOLE-- [fill = 0]
                  00001f34    00000010     ADC.obj (.text:SysTickIntHandler)
                  00001f44    00000010     driverlib-cm3.lib : systick.obj (.text:SysTickPeriodSet)
                  00001f54    0000000e                       : adc.obj (.text:ADCSequenceEnable)
                  00001f62    0000000e     rtsv7M3_T_le_eabi.lib : copy_decompress_none.obj (.text:decompress:none)
                  00001f70    0000000c     rit128x96x4.obj (.text:RIT128x96x4DisplayOff)
                  00001f7c    0000000c     driverlib-cm3.lib : uart.obj (.text:UARTCharsAvail)
                  00001f88    0000000a                       : adc.obj (.text:ADCIntClear)
                  00001f92    0000000a                       : ssi.obj (.text:SSIDataPut)
                  00001f9c    0000000a                       : ssi.obj (.text:SSIDisable)
                  00001fa6    0000000a                       : ssi.obj (.text:SSIEnable)
                  00001fb0    0000000a                       : uart.obj (.text:UARTCharGet)
                  00001fba    0000000a                       : uart.obj (.text:UARTCharPut)
                  00001fc4    00000008                       : ssi.obj (.text:SSIBusy)
                  00001fcc    00000006                       : gpio.obj (.text:GPIOPinRead)
                  00001fd2    00000006                       : gpio.obj (.text:GPIOPinWrite)
                  00001fd8    00000006     New_Blinky_startup_ccs.obj (.text:ResetISR)
                  00001fde    00000006     driverlib-cm3.lib : sysctl.obj (.text:SysCtlDelay)
                  00001fe4    00000006     rtsv7M3_T_le_eabi.lib : copy_decompress_rle.obj (.text:decompress:rle24)

.const     0    00001fec    000003f6     
                  00001fec    000001e0     rit128x96x4.obj (.const:g_pucFont)
                  000021cc    00000101     rtsv7M3_T_le_eabi.lib : ctype.obj (.const:.string:_ctypes_)
                  000022cd    00000003     --HOLE-- [fill = 0]
                  000022d0    0000006c     driverlib-cm3.lib : sysctl.obj (.const:g_pulXtals)
                  0000233c    0000004f     rit128x96x4.obj (.const:.string:g_pucRIT128x96x4Init)
                  0000238b    00000001     --HOLE-- [fill = 0]
                  0000238c    00000040     driverlib-cm3.lib : sysctl.obj (.const)
                  000023cc    0000000c     rit128x96x4.obj (.const:.string)
                  000023d8    0000000a     ADC.obj (.const:.string)

.cinit     0    000023e8    00000070     
                  000023e8    00000045     (.cinit..data.load) [load image, compression = rle]
                  0000242d    00000003     --HOLE-- [fill = 0]
                  00002430    0000000c     (__TI_handler_table)
                  0000243c    00000004     --HOLE-- [fill = 0]
                  00002440    00000008     (.cinit..bss.load) [load image, compression = zero_init]
                  00002448    00000010     (__TI_cinit_table)

.stack     0    20000000    00000800     UNINITIALIZED
                  20000000    00000800     --HOLE--

.bss       0    20000800    000001b0     UNINITIALIZED
                  20000800    00000190     ADC.obj (.bss:sampArray)
                  20000990    00000011     ADC.obj (.bss)
                  200009a1    00000003     --HOLE--
                  200009a4    0000000c     rit128x96x4.obj (.bss)

.data      0    200009b0    00000078     
                  200009b0    00000064     ADC.obj (.data)
                  20000a14    00000008     rtsv7M3_T_le_eabi.lib : _lock.obj (.data)
                  20000a1c    00000008                           : exit.obj (.data)
                  20000a24    00000004                           : stkdepth_vars.obj (.data)


LINKER GENERATED COPY TABLES

__TI_cinit_table @ 00002448 records: 2, size/record: 8, table size: 16
	.data: load addr=000023e8, load size=00000045 bytes, run addr=200009b0, run size=00000078 bytes, compression=rle
	.bss: load addr=00002440, load size=00000008 bytes, run addr=20000800, run size=000001b0 bytes, compression=zero_init


LINKER GENERATED HANDLER TABLE

__TI_handler_table @ 00002430 records: 3, size/record: 4, table size: 12
	index: 0, handler: __TI_decompress_rle24
	index: 1, handler: __TI_decompress_none
	index: 2, handler: __TI_zero_init


GLOBAL SYMBOLS: SORTED ALPHABETICALLY BY Name 

address    name
--------   ----
00001f89   ADCIntClear
00001ce1   ADCIntStatus
00001e5d   ADCProcessorTrigger
00001d69   ADCSequenceConfigure
00001dbd   ADCSequenceDataGet
00001f55   ADCSequenceEnable
00001449   ADCSequenceStepConfigure
00001765   ADC_Execute
000017bd   ADC_Init
0000186d   ADC_Screen_Print_Execute
00001d95   ADC_Screen_Print_Init
000014b5   ButtonMonitor_Execute
00001969   ButtonMonitor_Init
00001c31   C$$EXIT
00001275   Discharge_Execute
000018c1   Discharge_Init
00001d0f   GPIODirModeSet
00000df1   GPIOPadConfigSet
00001fcd   GPIOPinRead
00001ed9   GPIOPinTypeGPIOInput
00001eeb   GPIOPinTypeGPIOOutput
00001efd   GPIOPinTypeSSI
00001f0f   GPIOPinTypeUART
00001fd3   GPIOPinWrite
00001d3d   Power_Init
00001a51   RIT128x96x4Clear
00001f71   RIT128x96x4DisplayOff
00001585   RIT128x96x4Enable
00001521   RIT128x96x4ImageDraw
00000f7d   RIT128x96x4Init
00000d1d   RIT128x96x4StringDraw
00001fd9   ResetISR
UNDEFED    SHT$$INIT_ARRAY$$Base
UNDEFED    SHT$$INIT_ARRAY$$Limit
00001fc5   SSIBusy
00001a99   SSIConfigSetExpClk
00001f93   SSIDataPut
00001f9d   SSIDisable
00001fa7   SSIEnable
00001021   Sample_Execute
000013d9   Sample_Init
00001365   Send_Execute
00001915   Send_Init
00000a01   SysCtlClockGet
00000bd9   SysCtlClockSet
00001fdf   SysCtlDelay
00001815   SysCtlPeripheralEnable
00001e75   SysTickEnable
00001e89   SysTickIntEnable
00001f35   SysTickIntHandler
00001f45   SysTickPeriodSet
00001add   Task0_Execute
00001b21   Task0_Init
000019b9   Task1_Execute
00001c71   Task1_Init
00001e15   Task2_Init
00001fb1   UARTCharGet
00001fbb   UARTCharPut
00001f7d   UARTCharsAvail
00001bed   UARTConfigSetExpClk
00001ddd   UARTDisable
00001e9d   UARTEnable
00000eb9   UART_Execute
00001b65   UART_Init
20000800   __STACK_END
00000800   __STACK_SIZE
20000100   __STACK_TOP
00002448   __TI_CINIT_Base
00002458   __TI_CINIT_Limit
00002430   __TI_Handler_Table_Base
0000243c   __TI_Handler_Table_Limit
00000001   __TI_args_main
00001161   __TI_auto_init
00001f63   __TI_decompress_none
00001fe5   __TI_decompress_rle24
00000000   __TI_static_base__
00001f21   __TI_zero_init
00001e45   __aeabi_lmul
000012ed   __aeabi_memclr
000012ed   __aeabi_memclr4
000012ed   __aeabi_memclr8
000010c5   __aeabi_memcpy
000010c5   __aeabi_memcpy4
000010c5   __aeabi_memcpy8
000012ef   __aeabi_memset
000012ef   __aeabi_memset4
000012ef   __aeabi_memset8
0000080b   __aeabi_uldivmod
ffffffff   __binit__
ffffffff   __c_args__
20000000   __stack
00001e2d   _args_main
00001cad   _c_int00
20000a1c   _cleanup_ptr
000021cc   _ctypes_
20000a20   _dtors_ptr
20000a14   _lock
00001ebf   _nop
00000505   _printfi_nofloat
00001eb7   _register_lock
00001eb1   _register_unlock
20000a18   _unlock
00001c35   abort
00001a05   atoi
ffffffff   binit
200009cc   black_image
20000999   buttonState
00001ba9   copy_in
00001c3d   exit
00000000   g_pfnVectors
20000990   g_ulSystemClock
000011f5   main
20000a24   main_func_sp
00001df9   memccpy
000010c5   memcpy
000012f5   memset
000016a5   sprintf
00001ec5   strlen
20000994   ul_ADC_Value


GLOBAL SYMBOLS: SORTED BY Symbol Address 

address    name
--------   ----
00000000   __TI_static_base__
00000000   g_pfnVectors
00000001   __TI_args_main
00000505   _printfi_nofloat
00000800   __STACK_SIZE
0000080b   __aeabi_uldivmod
00000a01   SysCtlClockGet
00000bd9   SysCtlClockSet
00000d1d   RIT128x96x4StringDraw
00000df1   GPIOPadConfigSet
00000eb9   UART_Execute
00000f7d   RIT128x96x4Init
00001021   Sample_Execute
000010c5   __aeabi_memcpy
000010c5   __aeabi_memcpy4
000010c5   __aeabi_memcpy8
000010c5   memcpy
00001161   __TI_auto_init
000011f5   main
00001275   Discharge_Execute
000012ed   __aeabi_memclr
000012ed   __aeabi_memclr4
000012ed   __aeabi_memclr8
000012ef   __aeabi_memset
000012ef   __aeabi_memset4
000012ef   __aeabi_memset8
000012f5   memset
00001365   Send_Execute
000013d9   Sample_Init
00001449   ADCSequenceStepConfigure
000014b5   ButtonMonitor_Execute
00001521   RIT128x96x4ImageDraw
00001585   RIT128x96x4Enable
000016a5   sprintf
00001765   ADC_Execute
000017bd   ADC_Init
00001815   SysCtlPeripheralEnable
0000186d   ADC_Screen_Print_Execute
000018c1   Discharge_Init
00001915   Send_Init
00001969   ButtonMonitor_Init
000019b9   Task1_Execute
00001a05   atoi
00001a51   RIT128x96x4Clear
00001a99   SSIConfigSetExpClk
00001add   Task0_Execute
00001b21   Task0_Init
00001b65   UART_Init
00001ba9   copy_in
00001bed   UARTConfigSetExpClk
00001c31   C$$EXIT
00001c35   abort
00001c3d   exit
00001c71   Task1_Init
00001cad   _c_int00
00001ce1   ADCIntStatus
00001d0f   GPIODirModeSet
00001d3d   Power_Init
00001d69   ADCSequenceConfigure
00001d95   ADC_Screen_Print_Init
00001dbd   ADCSequenceDataGet
00001ddd   UARTDisable
00001df9   memccpy
00001e15   Task2_Init
00001e2d   _args_main
00001e45   __aeabi_lmul
00001e5d   ADCProcessorTrigger
00001e75   SysTickEnable
00001e89   SysTickIntEnable
00001e9d   UARTEnable
00001eb1   _register_unlock
00001eb7   _register_lock
00001ebf   _nop
00001ec5   strlen
00001ed9   GPIOPinTypeGPIOInput
00001eeb   GPIOPinTypeGPIOOutput
00001efd   GPIOPinTypeSSI
00001f0f   GPIOPinTypeUART
00001f21   __TI_zero_init
00001f35   SysTickIntHandler
00001f45   SysTickPeriodSet
00001f55   ADCSequenceEnable
00001f63   __TI_decompress_none
00001f71   RIT128x96x4DisplayOff
00001f7d   UARTCharsAvail
00001f89   ADCIntClear
00001f93   SSIDataPut
00001f9d   SSIDisable
00001fa7   SSIEnable
00001fb1   UARTCharGet
00001fbb   UARTCharPut
00001fc5   SSIBusy
00001fcd   GPIOPinRead
00001fd3   GPIOPinWrite
00001fd9   ResetISR
00001fdf   SysCtlDelay
00001fe5   __TI_decompress_rle24
000021cc   _ctypes_
00002430   __TI_Handler_Table_Base
0000243c   __TI_Handler_Table_Limit
00002448   __TI_CINIT_Base
00002458   __TI_CINIT_Limit
20000000   __stack
20000100   __STACK_TOP
20000800   __STACK_END
20000990   g_ulSystemClock
20000994   ul_ADC_Value
20000999   buttonState
200009cc   black_image
20000a14   _lock
20000a18   _unlock
20000a1c   _cleanup_ptr
20000a20   _dtors_ptr
20000a24   main_func_sp
ffffffff   __binit__
ffffffff   __c_args__
ffffffff   binit
UNDEFED    SHT$$INIT_ARRAY$$Base
UNDEFED    SHT$$INIT_ARRAY$$Limit

[119 symbols]
